
> next-app@0.1.0 build
> next build

  Γû▓ Next.js 14.2.35

   Creating an optimized production build ...
node.exe : Warning: Your 
PostCSS configuration 
defines a field which is 
not supported 
(`__esModule`). Please 
remove this configuration 
value.
At line:1 char:1
+ & "C:\Program 
Files\nodejs/node.exe" 
"C:\Program 
Files\nodejs/node_mo ...
+ ~~~~~~~~~~~~~~~~~~~~~~~~~~
~~~~~~~~~~~~~~~~~~~~~~~~~~~~
~~~~~~~~~~~~~~~
    + CategoryInfo          
    : NotSpecified: (Warni  
  ng: Your P...guration v   
 alue.:String) [], Remot    
eException
    + FullyQualifiedErrorId 
    : NativeCommandError
 
Failed to compile.

app\layout.tsx
An error occurred in 
`next/font`.

Error: Your custom PostCSS 
configuration must export a 
`plugins` key.
    at getPostCssPlugins (C:
\Users\sriram\JobNest\node_m
odules\next\dist\build\webpa
ck\config\blocks\css\plugins
.js:106:15)
    at async C:\Users\sriram
\JobNest\node_modules\next\d
ist\build\webpack\config\blo
cks\css\index.js:124:36
    at async C:\Users\sriram
\JobNest\node_modules\next\d
ist\build\webpack\loaders\ne
xt-font-loader\index.js:86:3
3
    at async 
Span.traceAsyncFn (C:\Users\
sriram\JobNest\node_modules\
next\dist\trace\trace.js:154
:20)


> Build failed because of 
webpack errors
